[babibop.fr/home/index/index.html]
[cdn.babibop.fr/assets/babibop/icon.png]
[cdn.babibop.fr/assets/babibop/babibop_logo.png]
[backblue.gif]
[fade.gif]
[index.html]
[cdn.babibop.fr/assets/babibop/babibop.global.minf27d.css]
[cdn.babibop.fr/assets/bob/vendors/select2/dist/css/select2.min.css]
[connect.facebook.net/fr_FR/sdk.js]
[cdn.babibop.fr/assets/babibop/trouver_maternite.jpg]
[cdn.babibop.fr/assets/babibop/trouver_sagefemme.jpg]
[cdn.babibop.fr/assets/babibop/programme_accompagnement.jpg]
[babibop.fr/upload/miniature-saint-denis.jpg]
[babibop.fr/upload/miniature-cornouaille2.jpg]
[babibop.fr/upload/miniature-le-havre.png]
[cdn.babibop.fr/upload/miniature-saint-denis.jpg]
[cdn.babibop.fr/upload/miniature-lariboisiere.jpg]
[cdn.babibop.fr/upload/miniature-champeau.jpg]
[cdn.babibop.fr/upload/chrds-Neuilly-2.png]
[cdn.babibop.fr/upload/pros/8/profile_pic.png]
[cdn.babibop.fr/upload/pros/9/profile_pic.png]
[cdn.babibop.fr/assets/babibop/sfl-default-profile-picture.png]
[cdn.babibop.fr/assets/jquery.min.js]
[cdnjs.cloudflare.com/ajax/libs/jquery-form-validator/2.3.26/jquery.form-validator.min.js]
[cdn.babibop.fr/assets/babibop/babibop.global.minf27d.js]
[cdn.babibop.fr/assets/bob/vendors/select2/dist/js/select2.minf27d.js]
[cdn.babibop.fr/assets/bob/vendors/select2/dist/js/i18n/fr.js]
[babibop.fr/home/index/index.html]
[cdn.babibop.fr/assets/babibop/babibop.global.minf27d.css]
[cdn.babibop.fr/assets/bob/vendors/select2/dist/css/select2.min.css]
[connect.facebook.net/fr_FR/sdk.js]
